[0.010s] Invoking command in '/home/bao/NCKH-25-26/ros2_ws/build/my_four_wheel_robot': CMAKE_PREFIX_PATH=${CMAKE_PREFIX_PATH}:/opt/ros/jazzy DEBUGINFOD_URLS=https://debuginfod.ubuntu.com /usr/bin/cmake --build /home/bao/NCKH-25-26/ros2_ws/build/my_four_wheel_robot -- -j12 -l12
[0.050s] Invoked command in '/home/bao/NCKH-25-26/ros2_ws/build/my_four_wheel_robot' returned '0': CMAKE_PREFIX_PATH=${CMAKE_PREFIX_PATH}:/opt/ros/jazzy DEBUGINFOD_URLS=https://debuginfod.ubuntu.com /usr/bin/cmake --build /home/bao/NCKH-25-26/ros2_ws/build/my_four_wheel_robot -- -j12 -l12
[0.059s] Invoking command in '/home/bao/NCKH-25-26/ros2_ws/build/my_four_wheel_robot': CMAKE_PREFIX_PATH=${CMAKE_PREFIX_PATH}:/opt/ros/jazzy DEBUGINFOD_URLS=https://debuginfod.ubuntu.com /usr/bin/cmake --install /home/bao/NCKH-25-26/ros2_ws/build/my_four_wheel_robot
[0.065s] -- Install configuration: ""
[0.066s] -- Execute custom install script
[0.066s] -- Up-to-date symlink: /home/bao/NCKH-25-26/ros2_ws/install/my_four_wheel_robot/share/my_four_wheel_robot//launch/__pycache__/my_robot_launch.cpython-312.pyc
[0.066s] -- Up-to-date symlink: /home/bao/NCKH-25-26/ros2_ws/install/my_four_wheel_robot/share/my_four_wheel_robot//launch/my_robot_launch.py
[0.066s] -- Up-to-date symlink: /home/bao/NCKH-25-26/ros2_ws/install/my_four_wheel_robot/share/my_four_wheel_robot//config/controllers.yaml
[0.067s] -- Up-to-date symlink: /home/bao/NCKH-25-26/ros2_ws/install/my_four_wheel_robot/share/my_four_wheel_robot//urdf/my_robot.urdf.xacro
[0.067s] -- Up-to-date symlink: /home/bao/NCKH-25-26/ros2_ws/install/my_four_wheel_robot/share/my_four_wheel_robot/worlds/custom_empty.sdf
[0.067s] -- Up-to-date symlink: /home/bao/NCKH-25-26/ros2_ws/install/my_four_wheel_robot/lib/my_four_wheel_robot/ramp_autonomy_node.py
[0.067s] -- Up-to-date symlink: /home/bao/NCKH-25-26/ros2_ws/install/my_four_wheel_robot/share/ament_index/resource_index/package_run_dependencies/my_four_wheel_robot
[0.067s] -- Up-to-date symlink: /home/bao/NCKH-25-26/ros2_ws/install/my_four_wheel_robot/share/ament_index/resource_index/parent_prefix_path/my_four_wheel_robot
[0.067s] -- Up-to-date symlink: /home/bao/NCKH-25-26/ros2_ws/install/my_four_wheel_robot/share/my_four_wheel_robot/environment/ament_prefix_path.sh
[0.067s] -- Up-to-date symlink: /home/bao/NCKH-25-26/ros2_ws/install/my_four_wheel_robot/share/my_four_wheel_robot/environment/ament_prefix_path.dsv
[0.068s] -- Up-to-date symlink: /home/bao/NCKH-25-26/ros2_ws/install/my_four_wheel_robot/share/my_four_wheel_robot/environment/path.sh
[0.068s] -- Up-to-date symlink: /home/bao/NCKH-25-26/ros2_ws/install/my_four_wheel_robot/share/my_four_wheel_robot/environment/path.dsv
[0.068s] -- Up-to-date symlink: /home/bao/NCKH-25-26/ros2_ws/install/my_four_wheel_robot/share/my_four_wheel_robot/local_setup.bash
[0.068s] -- Up-to-date symlink: /home/bao/NCKH-25-26/ros2_ws/install/my_four_wheel_robot/share/my_four_wheel_robot/local_setup.sh
[0.068s] -- Up-to-date symlink: /home/bao/NCKH-25-26/ros2_ws/install/my_four_wheel_robot/share/my_four_wheel_robot/local_setup.zsh
[0.068s] -- Up-to-date symlink: /home/bao/NCKH-25-26/ros2_ws/install/my_four_wheel_robot/share/my_four_wheel_robot/local_setup.dsv
[0.068s] -- Symlinking: /home/bao/NCKH-25-26/ros2_ws/install/my_four_wheel_robot/share/my_four_wheel_robot/package.dsv
[0.077s] -- Up-to-date symlink: /home/bao/NCKH-25-26/ros2_ws/install/my_four_wheel_robot/share/ament_index/resource_index/packages/my_four_wheel_robot
[0.077s] -- Up-to-date symlink: /home/bao/NCKH-25-26/ros2_ws/install/my_four_wheel_robot/share/my_four_wheel_robot/cmake/my_four_wheel_robotConfig.cmake
[0.077s] -- Up-to-date symlink: /home/bao/NCKH-25-26/ros2_ws/install/my_four_wheel_robot/share/my_four_wheel_robot/cmake/my_four_wheel_robotConfig-version.cmake
[0.077s] -- Up-to-date symlink: /home/bao/NCKH-25-26/ros2_ws/install/my_four_wheel_robot/share/my_four_wheel_robot/package.xml
[0.079s] Invoked command in '/home/bao/NCKH-25-26/ros2_ws/build/my_four_wheel_robot' returned '0': CMAKE_PREFIX_PATH=${CMAKE_PREFIX_PATH}:/opt/ros/jazzy DEBUGINFOD_URLS=https://debuginfod.ubuntu.com /usr/bin/cmake --install /home/bao/NCKH-25-26/ros2_ws/build/my_four_wheel_robot
