[0.011s] Invoking command in '/home/bao/NCKH-25-26/Rocker-Bogie/build/six_ws_robot': CMAKE_PREFIX_PATH=${CMAKE_PREFIX_PATH}:/opt/ros/jazzy DEBUGINFOD_URLS=https://debuginfod.ubuntu.com /usr/bin/cmake --build /home/bao/NCKH-25-26/Rocker-Bogie/build/six_ws_robot -- -j12 -l12
[0.035s] -- Found ament_cmake: 2.5.6 (/opt/ros/jazzy/share/ament_cmake/cmake)
[0.395s] -- Configuring done (0.4s)
[0.400s] -- Generating done (0.0s)
[0.403s] -- Build files have been written to: /home/bao/NCKH-25-26/Rocker-Bogie/build/six_ws_robot
[0.429s] Invoked command in '/home/bao/NCKH-25-26/Rocker-Bogie/build/six_ws_robot' returned '0': CMAKE_PREFIX_PATH=${CMAKE_PREFIX_PATH}:/opt/ros/jazzy DEBUGINFOD_URLS=https://debuginfod.ubuntu.com /usr/bin/cmake --build /home/bao/NCKH-25-26/Rocker-Bogie/build/six_ws_robot -- -j12 -l12
[0.439s] Invoking command in '/home/bao/NCKH-25-26/Rocker-Bogie/build/six_ws_robot': CMAKE_PREFIX_PATH=${CMAKE_PREFIX_PATH}:/opt/ros/jazzy DEBUGINFOD_URLS=https://debuginfod.ubuntu.com /usr/bin/cmake --install /home/bao/NCKH-25-26/Rocker-Bogie/build/six_ws_robot
[0.447s] -- Install configuration: ""
[0.447s] -- Up-to-date: /home/bao/NCKH-25-26/Rocker-Bogie/install/six_ws_robot/share/six_ws_robot/config
[0.447s] -- Installing: /home/bao/NCKH-25-26/Rocker-Bogie/install/six_ws_robot/share/six_ws_robot/config/controllers.yaml
[0.447s] -- Up-to-date: /home/bao/NCKH-25-26/Rocker-Bogie/install/six_ws_robot/share/six_ws_robot/launch
[0.447s] -- Installing: /home/bao/NCKH-25-26/Rocker-Bogie/install/six_ws_robot/share/six_ws_robot/launch/bringup.launch.py
[0.448s] -- Up-to-date: /home/bao/NCKH-25-26/Rocker-Bogie/install/six_ws_robot/share/six_ws_robot/launch/__pycache__
[0.448s] -- Installing: /home/bao/NCKH-25-26/Rocker-Bogie/install/six_ws_robot/share/six_ws_robot/launch/__pycache__/bringup.launch.cpython-312.pyc
[0.448s] -- Up-to-date: /home/bao/NCKH-25-26/Rocker-Bogie/install/six_ws_robot/share/six_ws_robot/urdf
[0.448s] -- Up-to-date: /home/bao/NCKH-25-26/Rocker-Bogie/install/six_ws_robot/share/six_ws_robot/urdf/rviz
[0.448s] -- Installing: /home/bao/NCKH-25-26/Rocker-Bogie/install/six_ws_robot/share/six_ws_robot/urdf/rviz/six_ws_view.rviz
[0.448s] -- Installing: /home/bao/NCKH-25-26/Rocker-Bogie/install/six_ws_robot/share/six_ws_robot/urdf/six_ws_robot.xacro
[0.448s] -- Up-to-date: /home/bao/NCKH-25-26/Rocker-Bogie/install/six_ws_robot/share/six_ws_robot/worlds
[0.448s] -- Up-to-date: /home/bao/NCKH-25-26/Rocker-Bogie/install/six_ws_robot/share/six_ws_robot/worlds/custom_empty.sdf
[0.448s] -- Installing: /home/bao/NCKH-25-26/Rocker-Bogie/install/six_ws_robot/lib/six_ws_robot/six_ws_teleop_controller.py
[0.448s] -- Up-to-date: /home/bao/NCKH-25-26/Rocker-Bogie/install/six_ws_robot/lib/six_ws_robot/traction_manager.py
[0.448s] -- Installing: /home/bao/NCKH-25-26/Rocker-Bogie/install/six_ws_robot/lib/six_ws_robot/wheel_status_visualizer.py
[0.449s] -- Installing: /home/bao/NCKH-25-26/Rocker-Bogie/install/six_ws_robot/share/ament_index/resource_index/package_run_dependencies/six_ws_robot
[0.449s] -- Up-to-date: /home/bao/NCKH-25-26/Rocker-Bogie/install/six_ws_robot/share/ament_index/resource_index/parent_prefix_path/six_ws_robot
[0.449s] -- Up-to-date: /home/bao/NCKH-25-26/Rocker-Bogie/install/six_ws_robot/share/six_ws_robot/environment/ament_prefix_path.sh
[0.449s] -- Up-to-date: /home/bao/NCKH-25-26/Rocker-Bogie/install/six_ws_robot/share/six_ws_robot/environment/ament_prefix_path.dsv
[0.449s] -- Up-to-date: /home/bao/NCKH-25-26/Rocker-Bogie/install/six_ws_robot/share/six_ws_robot/environment/path.sh
[0.449s] -- Up-to-date: /home/bao/NCKH-25-26/Rocker-Bogie/install/six_ws_robot/share/six_ws_robot/environment/path.dsv
[0.449s] -- Up-to-date: /home/bao/NCKH-25-26/Rocker-Bogie/install/six_ws_robot/share/six_ws_robot/local_setup.bash
[0.449s] -- Up-to-date: /home/bao/NCKH-25-26/Rocker-Bogie/install/six_ws_robot/share/six_ws_robot/local_setup.sh
[0.449s] -- Up-to-date: /home/bao/NCKH-25-26/Rocker-Bogie/install/six_ws_robot/share/six_ws_robot/local_setup.zsh
[0.449s] -- Up-to-date: /home/bao/NCKH-25-26/Rocker-Bogie/install/six_ws_robot/share/six_ws_robot/local_setup.dsv
[0.449s] -- Installing: /home/bao/NCKH-25-26/Rocker-Bogie/install/six_ws_robot/share/six_ws_robot/package.dsv
[0.449s] -- Up-to-date: /home/bao/NCKH-25-26/Rocker-Bogie/install/six_ws_robot/share/ament_index/resource_index/packages/six_ws_robot
[0.449s] -- Up-to-date: /home/bao/NCKH-25-26/Rocker-Bogie/install/six_ws_robot/share/six_ws_robot/cmake/six_ws_robotConfig.cmake
[0.449s] -- Up-to-date: /home/bao/NCKH-25-26/Rocker-Bogie/install/six_ws_robot/share/six_ws_robot/cmake/six_ws_robotConfig-version.cmake
[0.449s] -- Installing: /home/bao/NCKH-25-26/Rocker-Bogie/install/six_ws_robot/share/six_ws_robot/package.xml
[0.451s] Invoked command in '/home/bao/NCKH-25-26/Rocker-Bogie/build/six_ws_robot' returned '0': CMAKE_PREFIX_PATH=${CMAKE_PREFIX_PATH}:/opt/ros/jazzy DEBUGINFOD_URLS=https://debuginfod.ubuntu.com /usr/bin/cmake --install /home/bao/NCKH-25-26/Rocker-Bogie/build/six_ws_robot
