[0.022s] Invoking command in '/home/bao/NCKH-25-26/Rocker-Bogie/build/six_ws_robot': CMAKE_PREFIX_PATH=${CMAKE_PREFIX_PATH}:/opt/ros/jazzy DEBUGINFOD_URLS=https://debuginfod.ubuntu.com /usr/bin/cmake --build /home/bao/NCKH-25-26/Rocker-Bogie/build/six_ws_robot -- -j12 -l12
[0.119s] Invoked command in '/home/bao/NCKH-25-26/Rocker-Bogie/build/six_ws_robot' returned '0': CMAKE_PREFIX_PATH=${CMAKE_PREFIX_PATH}:/opt/ros/jazzy DEBUGINFOD_URLS=https://debuginfod.ubuntu.com /usr/bin/cmake --build /home/bao/NCKH-25-26/Rocker-Bogie/build/six_ws_robot -- -j12 -l12
[0.139s] Invoking command in '/home/bao/NCKH-25-26/Rocker-Bogie/build/six_ws_robot': CMAKE_PREFIX_PATH=${CMAKE_PREFIX_PATH}:/opt/ros/jazzy DEBUGINFOD_URLS=https://debuginfod.ubuntu.com /usr/bin/cmake --install /home/bao/NCKH-25-26/Rocker-Bogie/build/six_ws_robot
[0.157s] -- Install configuration: ""
[0.158s] -- Up-to-date: /home/bao/NCKH-25-26/Rocker-Bogie/install/six_ws_robot/share/six_ws_robot/config
[0.158s] -- Up-to-date: /home/bao/NCKH-25-26/Rocker-Bogie/install/six_ws_robot/share/six_ws_robot/config/controllers.yaml
[0.159s] -- Up-to-date: /home/bao/NCKH-25-26/Rocker-Bogie/install/six_ws_robot/share/six_ws_robot/launch
[0.159s] -- Up-to-date: /home/bao/NCKH-25-26/Rocker-Bogie/install/six_ws_robot/share/six_ws_robot/launch/bringup.launch.py
[0.159s] -- Up-to-date: /home/bao/NCKH-25-26/Rocker-Bogie/install/six_ws_robot/share/six_ws_robot/launch/__pycache__
[0.159s] -- Up-to-date: /home/bao/NCKH-25-26/Rocker-Bogie/install/six_ws_robot/share/six_ws_robot/launch/__pycache__/bringup.launch.cpython-312.pyc
[0.160s] -- Up-to-date: /home/bao/NCKH-25-26/Rocker-Bogie/install/six_ws_robot/share/six_ws_robot/urdf
[0.160s] -- Up-to-date: /home/bao/NCKH-25-26/Rocker-Bogie/install/six_ws_robot/share/six_ws_robot/urdf/six_ws_robot.xacro
[0.160s] -- Up-to-date: /home/bao/NCKH-25-26/Rocker-Bogie/install/six_ws_robot/share/six_ws_robot/worlds
[0.160s] -- Up-to-date: /home/bao/NCKH-25-26/Rocker-Bogie/install/six_ws_robot/share/six_ws_robot/worlds/custom_empty.sdf
[0.160s] -- Up-to-date: /home/bao/NCKH-25-26/Rocker-Bogie/install/six_ws_robot/lib/six_ws_robot/six_ws_teleop_controller.py
[0.160s] -- Up-to-date: /home/bao/NCKH-25-26/Rocker-Bogie/install/six_ws_robot/lib/six_ws_robot/traction_manager.py
[0.161s] -- Up-to-date: /home/bao/NCKH-25-26/Rocker-Bogie/install/six_ws_robot/share/ament_index/resource_index/package_run_dependencies/six_ws_robot
[0.161s] -- Up-to-date: /home/bao/NCKH-25-26/Rocker-Bogie/install/six_ws_robot/share/ament_index/resource_index/parent_prefix_path/six_ws_robot
[0.161s] -- Up-to-date: /home/bao/NCKH-25-26/Rocker-Bogie/install/six_ws_robot/share/six_ws_robot/environment/ament_prefix_path.sh
[0.161s] -- Up-to-date: /home/bao/NCKH-25-26/Rocker-Bogie/install/six_ws_robot/share/six_ws_robot/environment/ament_prefix_path.dsv
[0.161s] -- Up-to-date: /home/bao/NCKH-25-26/Rocker-Bogie/install/six_ws_robot/share/six_ws_robot/environment/path.sh
[0.161s] -- Up-to-date: /home/bao/NCKH-25-26/Rocker-Bogie/install/six_ws_robot/share/six_ws_robot/environment/path.dsv
[0.162s] -- Up-to-date: /home/bao/NCKH-25-26/Rocker-Bogie/install/six_ws_robot/share/six_ws_robot/local_setup.bash
[0.162s] -- Up-to-date: /home/bao/NCKH-25-26/Rocker-Bogie/install/six_ws_robot/share/six_ws_robot/local_setup.sh
[0.162s] -- Up-to-date: /home/bao/NCKH-25-26/Rocker-Bogie/install/six_ws_robot/share/six_ws_robot/local_setup.zsh
[0.163s] -- Up-to-date: /home/bao/NCKH-25-26/Rocker-Bogie/install/six_ws_robot/share/six_ws_robot/local_setup.dsv
[0.163s] -- Up-to-date: /home/bao/NCKH-25-26/Rocker-Bogie/install/six_ws_robot/share/six_ws_robot/package.dsv
[0.164s] -- Up-to-date: /home/bao/NCKH-25-26/Rocker-Bogie/install/six_ws_robot/share/ament_index/resource_index/packages/six_ws_robot
[0.164s] -- Up-to-date: /home/bao/NCKH-25-26/Rocker-Bogie/install/six_ws_robot/share/six_ws_robot/cmake/six_ws_robotConfig.cmake
[0.164s] -- Up-to-date: /home/bao/NCKH-25-26/Rocker-Bogie/install/six_ws_robot/share/six_ws_robot/cmake/six_ws_robotConfig-version.cmake
[0.164s] -- Up-to-date: /home/bao/NCKH-25-26/Rocker-Bogie/install/six_ws_robot/share/six_ws_robot/package.xml
[0.165s] Invoked command in '/home/bao/NCKH-25-26/Rocker-Bogie/build/six_ws_robot' returned '0': CMAKE_PREFIX_PATH=${CMAKE_PREFIX_PATH}:/opt/ros/jazzy DEBUGINFOD_URLS=https://debuginfod.ubuntu.com /usr/bin/cmake --install /home/bao/NCKH-25-26/Rocker-Bogie/build/six_ws_robot
