-- Found ament_cmake: 2.5.5 (/opt/ros/jazzy/share/ament_cmake/cmake)
-- Override CMake install command with custom implementation using symlinks instead of copying resources
-- Found rclcpp: 28.1.16 (/opt/ros/jazzy/share/rclcpp/cmake)
-- Found rosidl_generator_c: 4.6.7 (/opt/ros/jazzy/share/rosidl_generator_c/cmake)
-- Found rosidl_generator_cpp: 4.6.7 (/opt/ros/jazzy/share/rosidl_generator_cpp/cmake)
-- Using all available rosidl_typesupport_c: rosidl_typesupport_fastrtps_c;rosidl_typesupport_introspection_c
-- Using all available rosidl_typesupport_cpp: rosidl_typesupport_fastrtps_cpp;rosidl_typesupport_introspection_cpp
-- Found rmw_implementation_cmake: 7.3.3 (/opt/ros/jazzy/share/rmw_implementation_cmake/cmake)
-- Found rmw_fastrtps_cpp: 8.4.3 (/opt/ros/jazzy/share/rmw_fastrtps_cpp/cmake)
-- Using RMW implementation 'rmw_fastrtps_cpp' as default
-- Found rclpy: 7.1.9 (/opt/ros/jazzy/share/rclpy/cmake)
-- Found rviz2: 14.1.19 (/opt/ros/jazzy/share/rviz2/cmake)
-- Found xacro: 2.1.1 (/opt/ros/jazzy/share/xacro/cmake)
-- Found gz_ros2_control: 1.2.17 (/opt/ros/jazzy/share/gz_ros2_control/cmake)
-- Found diff_drive_controller: 4.36.0 (/opt/ros/jazzy/share/diff_drive_controller/cmake)
-- Found eigen3_cmake_module: 0.3.0 (/opt/ros/jazzy/share/eigen3_cmake_module/cmake)
-- Ensuring Eigen3 include directory is part of orocos-kdl CMake target
-- Found ament_lint_auto: 0.17.4 (/opt/ros/jazzy/share/ament_lint_auto/cmake)
-- Added test 'flake8' to check Python code syntax and style conventions
-- Configured 'flake8' exclude dirs and/or files: 
-- Added test 'lint_cmake' to check CMake code style
-- Added test 'pep257' to check Python code against some of the docstring style conventions in PEP 257
-- Added test 'xmllint' to check XML markup files
-- Configuring done (0.9s)
-- Generating done (0.0s)
-- Build files have been written to: /home/bao/NCKH-25-26/ros2_ws/build/my_four_wheel_robot
-- Install configuration: ""
-- Execute custom install script
-- Up-to-date symlink: /home/bao/NCKH-25-26/ros2_ws/install/my_four_wheel_robot/share/my_four_wheel_robot//launch/__pycache__/my_robot_launch.cpython-312.pyc
-- Up-to-date symlink: /home/bao/NCKH-25-26/ros2_ws/install/my_four_wheel_robot/share/my_four_wheel_robot//launch/my_robot_launch.py
-- Up-to-date symlink: /home/bao/NCKH-25-26/ros2_ws/install/my_four_wheel_robot/share/my_four_wheel_robot//config/controllers.yaml
-- Up-to-date symlink: /home/bao/NCKH-25-26/ros2_ws/install/my_four_wheel_robot/share/my_four_wheel_robot//urdf/my_robot.urdf.xacro
-- Up-to-date symlink: /home/bao/NCKH-25-26/ros2_ws/install/my_four_wheel_robot/share/my_four_wheel_robot/worlds/custom_empty.sdf
-- Symlinking: /home/bao/NCKH-25-26/ros2_ws/install/my_four_wheel_robot/lib/my_four_wheel_robot/ramp_autonomy_node.py
-- Up-to-date symlink: /home/bao/NCKH-25-26/ros2_ws/install/my_four_wheel_robot/share/ament_index/resource_index/package_run_dependencies/my_four_wheel_robot
-- Up-to-date symlink: /home/bao/NCKH-25-26/ros2_ws/install/my_four_wheel_robot/share/ament_index/resource_index/parent_prefix_path/my_four_wheel_robot
-- Up-to-date symlink: /home/bao/NCKH-25-26/ros2_ws/install/my_four_wheel_robot/share/my_four_wheel_robot/environment/ament_prefix_path.sh
-- Up-to-date symlink: /home/bao/NCKH-25-26/ros2_ws/install/my_four_wheel_robot/share/my_four_wheel_robot/environment/ament_prefix_path.dsv
-- Up-to-date symlink: /home/bao/NCKH-25-26/ros2_ws/install/my_four_wheel_robot/share/my_four_wheel_robot/environment/path.sh
-- Up-to-date symlink: /home/bao/NCKH-25-26/ros2_ws/install/my_four_wheel_robot/share/my_four_wheel_robot/environment/path.dsv
-- Up-to-date symlink: /home/bao/NCKH-25-26/ros2_ws/install/my_four_wheel_robot/share/my_four_wheel_robot/local_setup.bash
-- Up-to-date symlink: /home/bao/NCKH-25-26/ros2_ws/install/my_four_wheel_robot/share/my_four_wheel_robot/local_setup.sh
-- Up-to-date symlink: /home/bao/NCKH-25-26/ros2_ws/install/my_four_wheel_robot/share/my_four_wheel_robot/local_setup.zsh
-- Up-to-date symlink: /home/bao/NCKH-25-26/ros2_ws/install/my_four_wheel_robot/share/my_four_wheel_robot/local_setup.dsv
-- Symlinking: /home/bao/NCKH-25-26/ros2_ws/install/my_four_wheel_robot/share/my_four_wheel_robot/package.dsv
-- Up-to-date symlink: /home/bao/NCKH-25-26/ros2_ws/install/my_four_wheel_robot/share/ament_index/resource_index/packages/my_four_wheel_robot
-- Up-to-date symlink: /home/bao/NCKH-25-26/ros2_ws/install/my_four_wheel_robot/share/my_four_wheel_robot/cmake/my_four_wheel_robotConfig.cmake
-- Up-to-date symlink: /home/bao/NCKH-25-26/ros2_ws/install/my_four_wheel_robot/share/my_four_wheel_robot/cmake/my_four_wheel_robotConfig-version.cmake
-- Up-to-date symlink: /home/bao/NCKH-25-26/ros2_ws/install/my_four_wheel_robot/share/my_four_wheel_robot/package.xml
