[0.012s] Invoking command in '/home/bao/NCKH-25-26/ros2_ws/build/my_four_wheel_robot': CMAKE_PREFIX_PATH=${CMAKE_PREFIX_PATH}:/opt/ros/jazzy DEBUGINFOD_URLS=https://debuginfod.ubuntu.com /usr/bin/cmake --build /home/bao/NCKH-25-26/ros2_ws/build/my_four_wheel_robot -- -j12 -l12
[0.088s] -- Found ament_cmake: 2.5.5 (/opt/ros/jazzy/share/ament_cmake/cmake)
[0.247s] -- Override CMake install command with custom implementation using symlinks instead of copying resources
[0.258s] -- Found rclcpp: 28.1.16 (/opt/ros/jazzy/share/rclcpp/cmake)
[0.285s] -- Found rosidl_generator_c: 4.6.7 (/opt/ros/jazzy/share/rosidl_generator_c/cmake)
[0.293s] -- Found rosidl_generator_cpp: 4.6.7 (/opt/ros/jazzy/share/rosidl_generator_cpp/cmake)
[0.303s] -- Using all available rosidl_typesupport_c: rosidl_typesupport_fastrtps_c;rosidl_typesupport_introspection_c
[0.314s] -- Using all available rosidl_typesupport_cpp: rosidl_typesupport_fastrtps_cpp;rosidl_typesupport_introspection_cpp
[0.365s] -- Found rmw_implementation_cmake: 7.3.3 (/opt/ros/jazzy/share/rmw_implementation_cmake/cmake)
[0.366s] -- Found rmw_fastrtps_cpp: 8.4.3 (/opt/ros/jazzy/share/rmw_fastrtps_cpp/cmake)
[0.420s] -- Using RMW implementation 'rmw_fastrtps_cpp' as default
[0.477s] -- Found rclpy: 7.1.9 (/opt/ros/jazzy/share/rclpy/cmake)
[0.477s] -- Found rviz2: 14.1.19 (/opt/ros/jazzy/share/rviz2/cmake)
[0.477s] -- Found xacro: 2.1.1 (/opt/ros/jazzy/share/xacro/cmake)
[0.478s] -- Found gz_ros2_control: 1.2.17 (/opt/ros/jazzy/share/gz_ros2_control/cmake)
[0.771s] -- Found diff_drive_controller: 4.36.0 (/opt/ros/jazzy/share/diff_drive_controller/cmake)
[0.796s] -- Found eigen3_cmake_module: 0.3.0 (/opt/ros/jazzy/share/eigen3_cmake_module/cmake)
[0.797s] -- Ensuring Eigen3 include directory is part of orocos-kdl CMake target
[0.898s] -- Found ament_lint_auto: 0.17.4 (/opt/ros/jazzy/share/ament_lint_auto/cmake)
[0.976s] -- Added test 'flake8' to check Python code syntax and style conventions
[0.976s] -- Configured 'flake8' exclude dirs and/or files: 
[0.976s] -- Added test 'lint_cmake' to check CMake code style
[0.977s] -- Added test 'pep257' to check Python code against some of the docstring style conventions in PEP 257
[0.978s] -- Added test 'xmllint' to check XML markup files
[0.979s] -- Configuring done (0.9s)
[0.988s] -- Generating done (0.0s)
[0.990s] -- Build files have been written to: /home/bao/NCKH-25-26/ros2_ws/build/my_four_wheel_robot
[1.013s] Invoked command in '/home/bao/NCKH-25-26/ros2_ws/build/my_four_wheel_robot' returned '0': CMAKE_PREFIX_PATH=${CMAKE_PREFIX_PATH}:/opt/ros/jazzy DEBUGINFOD_URLS=https://debuginfod.ubuntu.com /usr/bin/cmake --build /home/bao/NCKH-25-26/ros2_ws/build/my_four_wheel_robot -- -j12 -l12
[1.020s] Invoking command in '/home/bao/NCKH-25-26/ros2_ws/build/my_four_wheel_robot': CMAKE_PREFIX_PATH=${CMAKE_PREFIX_PATH}:/opt/ros/jazzy DEBUGINFOD_URLS=https://debuginfod.ubuntu.com /usr/bin/cmake --install /home/bao/NCKH-25-26/ros2_ws/build/my_four_wheel_robot
[1.026s] -- Install configuration: ""
[1.026s] -- Execute custom install script
[1.027s] -- Up-to-date symlink: /home/bao/NCKH-25-26/ros2_ws/install/my_four_wheel_robot/share/my_four_wheel_robot//launch/__pycache__/my_robot_launch.cpython-312.pyc
[1.027s] -- Up-to-date symlink: /home/bao/NCKH-25-26/ros2_ws/install/my_four_wheel_robot/share/my_four_wheel_robot//launch/my_robot_launch.py
[1.027s] -- Up-to-date symlink: /home/bao/NCKH-25-26/ros2_ws/install/my_four_wheel_robot/share/my_four_wheel_robot//config/controllers.yaml
[1.027s] -- Up-to-date symlink: /home/bao/NCKH-25-26/ros2_ws/install/my_four_wheel_robot/share/my_four_wheel_robot//urdf/my_robot.urdf.xacro
[1.027s] -- Up-to-date symlink: /home/bao/NCKH-25-26/ros2_ws/install/my_four_wheel_robot/share/my_four_wheel_robot/worlds/custom_empty.sdf
[1.028s] -- Symlinking: /home/bao/NCKH-25-26/ros2_ws/install/my_four_wheel_robot/lib/my_four_wheel_robot/ramp_autonomy_node.py
[1.035s] -- Up-to-date symlink: /home/bao/NCKH-25-26/ros2_ws/install/my_four_wheel_robot/share/ament_index/resource_index/package_run_dependencies/my_four_wheel_robot
[1.035s] -- Up-to-date symlink: /home/bao/NCKH-25-26/ros2_ws/install/my_four_wheel_robot/share/ament_index/resource_index/parent_prefix_path/my_four_wheel_robot
[1.035s] -- Up-to-date symlink: /home/bao/NCKH-25-26/ros2_ws/install/my_four_wheel_robot/share/my_four_wheel_robot/environment/ament_prefix_path.sh
[1.035s] -- Up-to-date symlink: /home/bao/NCKH-25-26/ros2_ws/install/my_four_wheel_robot/share/my_four_wheel_robot/environment/ament_prefix_path.dsv
[1.035s] -- Up-to-date symlink: /home/bao/NCKH-25-26/ros2_ws/install/my_four_wheel_robot/share/my_four_wheel_robot/environment/path.sh
[1.035s] -- Up-to-date symlink: /home/bao/NCKH-25-26/ros2_ws/install/my_four_wheel_robot/share/my_four_wheel_robot/environment/path.dsv
[1.035s] -- Up-to-date symlink: /home/bao/NCKH-25-26/ros2_ws/install/my_four_wheel_robot/share/my_four_wheel_robot/local_setup.bash
[1.036s] -- Up-to-date symlink: /home/bao/NCKH-25-26/ros2_ws/install/my_four_wheel_robot/share/my_four_wheel_robot/local_setup.sh
[1.036s] -- Up-to-date symlink: /home/bao/NCKH-25-26/ros2_ws/install/my_four_wheel_robot/share/my_four_wheel_robot/local_setup.zsh
[1.036s] -- Up-to-date symlink: /home/bao/NCKH-25-26/ros2_ws/install/my_four_wheel_robot/share/my_four_wheel_robot/local_setup.dsv
[1.036s] -- Symlinking: /home/bao/NCKH-25-26/ros2_ws/install/my_four_wheel_robot/share/my_four_wheel_robot/package.dsv
[1.043s] -- Up-to-date symlink: /home/bao/NCKH-25-26/ros2_ws/install/my_four_wheel_robot/share/ament_index/resource_index/packages/my_four_wheel_robot
[1.043s] -- Up-to-date symlink: /home/bao/NCKH-25-26/ros2_ws/install/my_four_wheel_robot/share/my_four_wheel_robot/cmake/my_four_wheel_robotConfig.cmake
[1.043s] -- Up-to-date symlink: /home/bao/NCKH-25-26/ros2_ws/install/my_four_wheel_robot/share/my_four_wheel_robot/cmake/my_four_wheel_robotConfig-version.cmake
[1.043s] -- Up-to-date symlink: /home/bao/NCKH-25-26/ros2_ws/install/my_four_wheel_robot/share/my_four_wheel_robot/package.xml
[1.044s] Invoked command in '/home/bao/NCKH-25-26/ros2_ws/build/my_four_wheel_robot' returned '0': CMAKE_PREFIX_PATH=${CMAKE_PREFIX_PATH}:/opt/ros/jazzy DEBUGINFOD_URLS=https://debuginfod.ubuntu.com /usr/bin/cmake --install /home/bao/NCKH-25-26/ros2_ws/build/my_four_wheel_robot
