[0.031s] Invoking command in '/home/bao/NCKH-25-26/ros2_ws/build/my_four_wheel_robot': CMAKE_PREFIX_PATH=${CMAKE_PREFIX_PATH}:/opt/ros/jazzy DEBUGINFOD_URLS=https://debuginfod.ubuntu.com /usr/bin/cmake /home/bao/NCKH-25-26/ros2_ws/src/my_four_wheel_robot -DAMENT_CMAKE_SYMLINK_INSTALL=1 -DCMAKE_INSTALL_PREFIX=/home/bao/NCKH-25-26/ros2_ws/install/my_four_wheel_robot
[0.194s] -- The C compiler identification is GNU 13.3.0
[0.320s] -- The CXX compiler identification is GNU 13.3.0
[0.348s] -- Detecting C compiler ABI info
[0.477s] -- Detecting C compiler ABI info - done
[0.488s] -- Check for working C compiler: /usr/bin/cc - skipped
[0.488s] -- Detecting C compile features
[0.489s] -- Detecting C compile features - done
[0.503s] -- Detecting CXX compiler ABI info
[0.637s] -- Detecting CXX compiler ABI info - done
[0.650s] -- Check for working CXX compiler: /usr/bin/c++ - skipped
[0.650s] -- Detecting CXX compile features
[0.651s] -- Detecting CXX compile features - done
[0.673s] -- Found ament_cmake: 2.5.5 (/opt/ros/jazzy/share/ament_cmake/cmake)
[0.883s] -- Found Python3: /usr/bin/python3 (found version "3.12.3") found components: Interpreter 
[0.992s] -- Override CMake install command with custom implementation using symlinks instead of copying resources
[1.065s] -- Found rclcpp: 28.1.16 (/opt/ros/jazzy/share/rclcpp/cmake)
[1.137s] -- Found rosidl_generator_c: 4.6.7 (/opt/ros/jazzy/share/rosidl_generator_c/cmake)
[1.159s] -- Found rosidl_generator_cpp: 4.6.7 (/opt/ros/jazzy/share/rosidl_generator_cpp/cmake)
[1.187s] -- Using all available rosidl_typesupport_c: rosidl_typesupport_fastrtps_c;rosidl_typesupport_introspection_c
[1.217s] -- Using all available rosidl_typesupport_cpp: rosidl_typesupport_fastrtps_cpp;rosidl_typesupport_introspection_cpp
[1.336s] -- Found rmw_implementation_cmake: 7.3.3 (/opt/ros/jazzy/share/rmw_implementation_cmake/cmake)
[1.341s] -- Found rmw_fastrtps_cpp: 8.4.3 (/opt/ros/jazzy/share/rmw_fastrtps_cpp/cmake)
[1.464s] -- Found OpenSSL: /usr/lib/x86_64-linux-gnu/libcrypto.so (found version "3.0.13")  
[1.488s] -- Found FastRTPS: /opt/ros/jazzy/include (Required is at least version "2.13") 
[1.517s] -- Using RMW implementation 'rmw_fastrtps_cpp' as default
[1.626s] -- Found rviz2: 14.1.19 (/opt/ros/jazzy/share/rviz2/cmake)
[1.630s] -- Found xacro: 2.1.1 (/opt/ros/jazzy/share/xacro/cmake)
[1.634s] -- Found gz_ros2_control: 1.2.17 (/opt/ros/jazzy/share/gz_ros2_control/cmake)
[2.426s] -- Found diff_drive_controller: 4.36.0 (/opt/ros/jazzy/share/diff_drive_controller/cmake)
[2.488s] -- Found eigen3_cmake_module: 0.3.0 (/opt/ros/jazzy/share/eigen3_cmake_module/cmake)
[2.489s] -- Found Eigen3: TRUE (found version "3.4.0") 
[2.490s] -- Ensuring Eigen3 include directory is part of orocos-kdl CMake target
[2.680s] -- Found ament_lint_auto: 0.17.4 (/opt/ros/jazzy/share/ament_lint_auto/cmake)
[2.844s] -- Added test 'flake8' to check Python code syntax and style conventions
[2.844s] -- Configured 'flake8' exclude dirs and/or files: 
[2.845s] -- Added test 'lint_cmake' to check CMake code style
[2.847s] -- Added test 'pep257' to check Python code against some of the docstring style conventions in PEP 257
[2.850s] -- Added test 'xmllint' to check XML markup files
[2.852s] -- Configuring done (2.8s)
[2.860s] -- Generating done (0.0s)
[2.865s] -- Build files have been written to: /home/bao/NCKH-25-26/ros2_ws/build/my_four_wheel_robot
[2.880s] Invoked command in '/home/bao/NCKH-25-26/ros2_ws/build/my_four_wheel_robot' returned '0': CMAKE_PREFIX_PATH=${CMAKE_PREFIX_PATH}:/opt/ros/jazzy DEBUGINFOD_URLS=https://debuginfod.ubuntu.com /usr/bin/cmake /home/bao/NCKH-25-26/ros2_ws/src/my_four_wheel_robot -DAMENT_CMAKE_SYMLINK_INSTALL=1 -DCMAKE_INSTALL_PREFIX=/home/bao/NCKH-25-26/ros2_ws/install/my_four_wheel_robot
[2.881s] Invoking command in '/home/bao/NCKH-25-26/ros2_ws/build/my_four_wheel_robot': CMAKE_PREFIX_PATH=${CMAKE_PREFIX_PATH}:/opt/ros/jazzy DEBUGINFOD_URLS=https://debuginfod.ubuntu.com /usr/bin/cmake --build /home/bao/NCKH-25-26/ros2_ws/build/my_four_wheel_robot -- -j12 -l12
[2.933s] Invoked command in '/home/bao/NCKH-25-26/ros2_ws/build/my_four_wheel_robot' returned '0': CMAKE_PREFIX_PATH=${CMAKE_PREFIX_PATH}:/opt/ros/jazzy DEBUGINFOD_URLS=https://debuginfod.ubuntu.com /usr/bin/cmake --build /home/bao/NCKH-25-26/ros2_ws/build/my_four_wheel_robot -- -j12 -l12
[2.944s] Invoking command in '/home/bao/NCKH-25-26/ros2_ws/build/my_four_wheel_robot': CMAKE_PREFIX_PATH=${CMAKE_PREFIX_PATH}:/opt/ros/jazzy DEBUGINFOD_URLS=https://debuginfod.ubuntu.com /usr/bin/cmake --install /home/bao/NCKH-25-26/ros2_ws/build/my_four_wheel_robot
[2.953s] -- Install configuration: ""
[2.954s] -- Execute custom install script
[2.954s] -- Symlinking: /home/bao/NCKH-25-26/ros2_ws/install/my_four_wheel_robot/share/my_four_wheel_robot//launch/__pycache__/my_robot_launch.cpython-312.pyc
[2.964s] -- Symlinking: /home/bao/NCKH-25-26/ros2_ws/install/my_four_wheel_robot/share/my_four_wheel_robot//launch/my_robot_launch.py
[2.975s] -- Symlinking: /home/bao/NCKH-25-26/ros2_ws/install/my_four_wheel_robot/share/my_four_wheel_robot//config/controllers.yaml
[2.986s] -- Symlinking: /home/bao/NCKH-25-26/ros2_ws/install/my_four_wheel_robot/share/my_four_wheel_robot//urdf/my_robot.urdf.xacro
[2.997s] -- Symlinking: /home/bao/NCKH-25-26/ros2_ws/install/my_four_wheel_robot/share/my_four_wheel_robot/worlds/custom_empty.sdf
[3.008s] -- Symlinking: /home/bao/NCKH-25-26/ros2_ws/install/my_four_wheel_robot/share/ament_index/resource_index/package_run_dependencies/my_four_wheel_robot
[3.021s] -- Symlinking: /home/bao/NCKH-25-26/ros2_ws/install/my_four_wheel_robot/share/ament_index/resource_index/parent_prefix_path/my_four_wheel_robot
[3.032s] -- Symlinking: /home/bao/NCKH-25-26/ros2_ws/install/my_four_wheel_robot/share/my_four_wheel_robot/environment/ament_prefix_path.sh
[3.042s] -- Symlinking: /home/bao/NCKH-25-26/ros2_ws/install/my_four_wheel_robot/share/my_four_wheel_robot/environment/ament_prefix_path.dsv
[3.051s] -- Symlinking: /home/bao/NCKH-25-26/ros2_ws/install/my_four_wheel_robot/share/my_four_wheel_robot/environment/path.sh
[3.061s] -- Symlinking: /home/bao/NCKH-25-26/ros2_ws/install/my_four_wheel_robot/share/my_four_wheel_robot/environment/path.dsv
[3.072s] -- Symlinking: /home/bao/NCKH-25-26/ros2_ws/install/my_four_wheel_robot/share/my_four_wheel_robot/local_setup.bash
[3.083s] -- Symlinking: /home/bao/NCKH-25-26/ros2_ws/install/my_four_wheel_robot/share/my_four_wheel_robot/local_setup.sh
[3.094s] -- Symlinking: /home/bao/NCKH-25-26/ros2_ws/install/my_four_wheel_robot/share/my_four_wheel_robot/local_setup.zsh
[3.104s] -- Symlinking: /home/bao/NCKH-25-26/ros2_ws/install/my_four_wheel_robot/share/my_four_wheel_robot/local_setup.dsv
[3.114s] -- Symlinking: /home/bao/NCKH-25-26/ros2_ws/install/my_four_wheel_robot/share/my_four_wheel_robot/package.dsv
[3.126s] -- Symlinking: /home/bao/NCKH-25-26/ros2_ws/install/my_four_wheel_robot/share/ament_index/resource_index/packages/my_four_wheel_robot
[3.138s] -- Symlinking: /home/bao/NCKH-25-26/ros2_ws/install/my_four_wheel_robot/share/my_four_wheel_robot/cmake/my_four_wheel_robotConfig.cmake
[3.150s] -- Symlinking: /home/bao/NCKH-25-26/ros2_ws/install/my_four_wheel_robot/share/my_four_wheel_robot/cmake/my_four_wheel_robotConfig-version.cmake
[3.161s] -- Symlinking: /home/bao/NCKH-25-26/ros2_ws/install/my_four_wheel_robot/share/my_four_wheel_robot/package.xml
[3.174s] Invoked command in '/home/bao/NCKH-25-26/ros2_ws/build/my_four_wheel_robot' returned '0': CMAKE_PREFIX_PATH=${CMAKE_PREFIX_PATH}:/opt/ros/jazzy DEBUGINFOD_URLS=https://debuginfod.ubuntu.com /usr/bin/cmake --install /home/bao/NCKH-25-26/ros2_ws/build/my_four_wheel_robot
