[0.124s] DEBUG:colcon:Command line arguments: ['/usr/bin/colcon', 'build', '--packages-select', 'xtion_rtabmap_test']
[0.124s] DEBUG:colcon:Parsed command line arguments: Namespace(log_base=None, log_level=None, verb_name='build', build_base='build', install_base='install', merge_install=False, symlink_install=False, test_result_base=None, continue_on_error=False, executor='parallel', parallel_workers=12, event_handlers=None, ignore_user_meta=False, metas=['./colcon.meta'], base_paths=['.'], packages_ignore=None, packages_ignore_regex=None, paths=None, packages_up_to=None, packages_up_to_regex=None, packages_above=None, packages_above_and_dependencies=None, packages_above_depth=None, packages_select_by_dep=None, packages_skip_by_dep=None, packages_skip_up_to=None, packages_select_build_failed=False, packages_skip_build_finished=False, packages_select_test_failures=False, packages_skip_test_passed=False, packages_select=['xtion_rtabmap_test'], packages_skip=None, packages_select_regex=None, packages_skip_regex=None, packages_start=None, packages_end=None, cmake_args=None, cmake_target=None, cmake_target_skip_unavailable=False, cmake_clean_cache=False, cmake_clean_first=False, cmake_force_configure=False, ament_cmake_args=None, catkin_cmake_args=None, catkin_skip_building_tests=False, verb_parser=<colcon_defaults.argument_parser.defaults.DefaultArgumentsDecorator object at 0x762a814f8710>, verb_extension=<colcon_core.verb.build.BuildVerb object at 0x762a8164c740>, main=<bound method BuildVerb.main of <colcon_core.verb.build.BuildVerb object at 0x762a8164c740>>)
[0.195s] Level 1:colcon.colcon_core.package_discovery:discover_packages(colcon_meta) check parameters
[0.195s] Level 1:colcon.colcon_core.package_discovery:discover_packages(recursive) check parameters
[0.195s] Level 1:colcon.colcon_core.package_discovery:discover_packages(ignore) check parameters
[0.195s] Level 1:colcon.colcon_core.package_discovery:discover_packages(path) check parameters
[0.195s] Level 1:colcon.colcon_core.package_discovery:discover_packages(colcon_meta) discover
[0.195s] Level 1:colcon.colcon_core.package_discovery:discover_packages(recursive) discover
[0.196s] INFO:colcon.colcon_core.package_discovery:Crawling recursively for packages in '/home/bao/NCKH-25-26/cam'
[0.196s] Level 1:colcon.colcon_core.package_identification:_identify(.) by extensions ['ignore', 'ignore_ament_install']
[0.196s] Level 1:colcon.colcon_core.package_identification:_identify(.) by extension 'ignore'
[0.196s] Level 1:colcon.colcon_core.package_identification:_identify(.) by extension 'ignore_ament_install'
[0.196s] Level 1:colcon.colcon_core.package_identification:_identify(.) by extensions ['colcon_pkg']
[0.196s] Level 1:colcon.colcon_core.package_identification:_identify(.) by extension 'colcon_pkg'
[0.196s] Level 1:colcon.colcon_core.package_identification:_identify(.) by extensions ['colcon_meta']
[0.196s] Level 1:colcon.colcon_core.package_identification:_identify(.) by extension 'colcon_meta'
[0.196s] Level 1:colcon.colcon_core.package_identification:_identify(.) by extensions ['ros']
[0.196s] Level 1:colcon.colcon_core.package_identification:_identify(.) by extension 'ros'
[0.246s] Level 1:colcon.colcon_core.package_identification:_identify(.) by extensions ['cmake', 'python']
[0.247s] Level 1:colcon.colcon_core.package_identification:_identify(.) by extension 'cmake'
[0.247s] Level 1:colcon.colcon_core.package_identification:_identify(.) by extension 'python'
[0.247s] Level 1:colcon.colcon_core.package_identification:_identify(.) by extensions ['python_setup_py']
[0.247s] Level 1:colcon.colcon_core.package_identification:_identify(.) by extension 'python_setup_py'
[0.247s] Level 1:colcon.colcon_core.package_identification:_identify(build) by extensions ['ignore', 'ignore_ament_install']
[0.248s] Level 1:colcon.colcon_core.package_identification:_identify(build) by extension 'ignore'
[0.248s] Level 1:colcon.colcon_core.package_identification:_identify(build) ignored
[0.248s] Level 1:colcon.colcon_core.package_identification:_identify(install) by extensions ['ignore', 'ignore_ament_install']
[0.248s] Level 1:colcon.colcon_core.package_identification:_identify(install) by extension 'ignore'
[0.248s] Level 1:colcon.colcon_core.package_identification:_identify(install) ignored
[0.249s] Level 1:colcon.colcon_core.package_identification:_identify(log) by extensions ['ignore', 'ignore_ament_install']
[0.249s] Level 1:colcon.colcon_core.package_identification:_identify(log) by extension 'ignore'
[0.249s] Level 1:colcon.colcon_core.package_identification:_identify(log) ignored
[0.249s] Level 1:colcon.colcon_core.package_identification:_identify(src) by extensions ['ignore', 'ignore_ament_install']
[0.249s] Level 1:colcon.colcon_core.package_identification:_identify(src) by extension 'ignore'
[0.249s] Level 1:colcon.colcon_core.package_identification:_identify(src) by extension 'ignore_ament_install'
[0.249s] Level 1:colcon.colcon_core.package_identification:_identify(src) by extensions ['colcon_pkg']
[0.249s] Level 1:colcon.colcon_core.package_identification:_identify(src) by extension 'colcon_pkg'
[0.249s] Level 1:colcon.colcon_core.package_identification:_identify(src) by extensions ['colcon_meta']
[0.249s] Level 1:colcon.colcon_core.package_identification:_identify(src) by extension 'colcon_meta'
[0.249s] Level 1:colcon.colcon_core.package_identification:_identify(src) by extensions ['ros']
[0.249s] Level 1:colcon.colcon_core.package_identification:_identify(src) by extension 'ros'
[0.249s] Level 1:colcon.colcon_core.package_identification:_identify(src) by extensions ['cmake', 'python']
[0.249s] Level 1:colcon.colcon_core.package_identification:_identify(src) by extension 'cmake'
[0.249s] Level 1:colcon.colcon_core.package_identification:_identify(src) by extension 'python'
[0.249s] Level 1:colcon.colcon_core.package_identification:_identify(src) by extensions ['python_setup_py']
[0.249s] Level 1:colcon.colcon_core.package_identification:_identify(src) by extension 'python_setup_py'
[0.250s] Level 1:colcon.colcon_core.package_identification:_identify(src/xtion_rtabmap_test) by extensions ['ignore', 'ignore_ament_install']
[0.250s] Level 1:colcon.colcon_core.package_identification:_identify(src/xtion_rtabmap_test) by extension 'ignore'
[0.250s] Level 1:colcon.colcon_core.package_identification:_identify(src/xtion_rtabmap_test) by extension 'ignore_ament_install'
[0.250s] Level 1:colcon.colcon_core.package_identification:_identify(src/xtion_rtabmap_test) by extensions ['colcon_pkg']
[0.250s] Level 1:colcon.colcon_core.package_identification:_identify(src/xtion_rtabmap_test) by extension 'colcon_pkg'
[0.250s] Level 1:colcon.colcon_core.package_identification:_identify(src/xtion_rtabmap_test) by extensions ['colcon_meta']
[0.250s] Level 1:colcon.colcon_core.package_identification:_identify(src/xtion_rtabmap_test) by extension 'colcon_meta'
[0.250s] Level 1:colcon.colcon_core.package_identification:_identify(src/xtion_rtabmap_test) by extensions ['ros']
[0.250s] Level 1:colcon.colcon_core.package_identification:_identify(src/xtion_rtabmap_test) by extension 'ros'
[0.264s] DEBUG:colcon.colcon_core.package_identification:Package 'src/xtion_rtabmap_test' with type 'ros.ament_python' and name 'xtion_rtabmap_test'
[0.264s] Level 1:colcon.colcon_core.package_discovery:discover_packages(recursive) using defaults
[0.264s] Level 1:colcon.colcon_core.package_discovery:discover_packages(ignore) discover
[0.264s] Level 1:colcon.colcon_core.package_discovery:discover_packages(ignore) using defaults
[0.264s] Level 1:colcon.colcon_core.package_discovery:discover_packages(path) discover
[0.264s] Level 1:colcon.colcon_core.package_discovery:discover_packages(path) using defaults
[0.322s] Level 5:colcon.colcon_core.verb:set package 'xtion_rtabmap_test' build argument 'cmake_args' from command line to 'None'
[0.322s] Level 5:colcon.colcon_core.verb:set package 'xtion_rtabmap_test' build argument 'cmake_target' from command line to 'None'
[0.322s] Level 5:colcon.colcon_core.verb:set package 'xtion_rtabmap_test' build argument 'cmake_target_skip_unavailable' from command line to 'False'
[0.322s] Level 5:colcon.colcon_core.verb:set package 'xtion_rtabmap_test' build argument 'cmake_clean_cache' from command line to 'False'
[0.322s] Level 5:colcon.colcon_core.verb:set package 'xtion_rtabmap_test' build argument 'cmake_clean_first' from command line to 'False'
[0.322s] Level 5:colcon.colcon_core.verb:set package 'xtion_rtabmap_test' build argument 'cmake_force_configure' from command line to 'False'
[0.322s] Level 5:colcon.colcon_core.verb:set package 'xtion_rtabmap_test' build argument 'ament_cmake_args' from command line to 'None'
[0.322s] Level 5:colcon.colcon_core.verb:set package 'xtion_rtabmap_test' build argument 'catkin_cmake_args' from command line to 'None'
[0.322s] Level 5:colcon.colcon_core.verb:set package 'xtion_rtabmap_test' build argument 'catkin_skip_building_tests' from command line to 'False'
[0.322s] DEBUG:colcon.colcon_core.verb:Building package 'xtion_rtabmap_test' with the following arguments: {'ament_cmake_args': None, 'build_base': '/home/bao/NCKH-25-26/cam/build/xtion_rtabmap_test', 'catkin_cmake_args': None, 'catkin_skip_building_tests': False, 'cmake_args': None, 'cmake_clean_cache': False, 'cmake_clean_first': False, 'cmake_force_configure': False, 'cmake_target': None, 'cmake_target_skip_unavailable': False, 'install_base': '/home/bao/NCKH-25-26/cam/install/xtion_rtabmap_test', 'merge_install': False, 'path': '/home/bao/NCKH-25-26/cam/src/xtion_rtabmap_test', 'symlink_install': False, 'test_result_base': None}
[0.323s] INFO:colcon.colcon_core.executor:Executing jobs using 'parallel' executor
[0.324s] DEBUG:colcon.colcon_parallel_executor.executor.parallel:run_until_complete
[0.324s] INFO:colcon.colcon_ros.task.ament_python.build:Building ROS package in '/home/bao/NCKH-25-26/cam/src/xtion_rtabmap_test' with build type 'ament_python'
[0.324s] Level 1:colcon.colcon_core.shell:create_environment_hook('xtion_rtabmap_test', 'ament_prefix_path')
[0.328s] INFO:colcon.colcon_core.plugin_system:Skipping extension 'colcon_core.shell.bat': Not used on non-Windows systems
[0.328s] INFO:colcon.colcon_core.shell:Creating environment descriptor '/home/bao/NCKH-25-26/cam/install/xtion_rtabmap_test/share/xtion_rtabmap_test/hook/ament_prefix_path.dsv'
[0.329s] INFO:colcon.colcon_core.shell:Creating environment hook '/home/bao/NCKH-25-26/cam/install/xtion_rtabmap_test/share/xtion_rtabmap_test/hook/ament_prefix_path.sh'
[0.330s] DEBUG:colcon.colcon_core.shell:Skip shell extension 'dsv' for command environment
[0.633s] INFO:colcon.colcon_core.task.python.build:Building Python package in '/home/bao/NCKH-25-26/cam/src/xtion_rtabmap_test'
[0.633s] DEBUG:colcon.colcon_core.shell:Skip shell extension 'dsv' for command environment
[1.355s] DEBUG:colcon.colcon_core.event_handler.log_command:Invoking command in '/home/bao/NCKH-25-26/cam/src/xtion_rtabmap_test': DEBUGINFOD_URLS=https://debuginfod.ubuntu.com PYTHONPATH=/home/bao/NCKH-25-26/cam/build/xtion_rtabmap_test/prefix_override:/usr/lib/python3/dist-packages/colcon_core/task/python/colcon_distutils_commands:/home/bao/NCKH-25-26/cam/install/xtion_rtabmap_test/lib/python3.12/site-packages:${PYTHONPATH} /usr/bin/python3 -W ignore:setup.py install is deprecated -W ignore:easy_install command is deprecated setup.py egg_info --egg-base ../../build/xtion_rtabmap_test build --build-base /home/bao/NCKH-25-26/cam/build/xtion_rtabmap_test/build install --record /home/bao/NCKH-25-26/cam/build/xtion_rtabmap_test/install.log --single-version-externally-managed install_data
[1.835s] DEBUG:colcon.colcon_core.event_handler.log_command:Invoked command in '/home/bao/NCKH-25-26/cam/src/xtion_rtabmap_test' returned '0': DEBUGINFOD_URLS=https://debuginfod.ubuntu.com PYTHONPATH=/home/bao/NCKH-25-26/cam/build/xtion_rtabmap_test/prefix_override:/usr/lib/python3/dist-packages/colcon_core/task/python/colcon_distutils_commands:/home/bao/NCKH-25-26/cam/install/xtion_rtabmap_test/lib/python3.12/site-packages:${PYTHONPATH} /usr/bin/python3 -W ignore:setup.py install is deprecated -W ignore:easy_install command is deprecated setup.py egg_info --egg-base ../../build/xtion_rtabmap_test build --build-base /home/bao/NCKH-25-26/cam/build/xtion_rtabmap_test/build install --record /home/bao/NCKH-25-26/cam/build/xtion_rtabmap_test/install.log --single-version-externally-managed install_data
[1.838s] Level 1:colcon.colcon_core.environment:checking '/home/bao/NCKH-25-26/cam/install/xtion_rtabmap_test' for CMake module files
[1.839s] Level 1:colcon.colcon_core.environment:checking '/home/bao/NCKH-25-26/cam/install/xtion_rtabmap_test' for CMake config files
[1.839s] Level 1:colcon.colcon_core.environment:checking '/home/bao/NCKH-25-26/cam/install/xtion_rtabmap_test/lib'
[1.839s] Level 1:colcon.colcon_core.environment:checking '/home/bao/NCKH-25-26/cam/install/xtion_rtabmap_test/bin'
[1.839s] Level 1:colcon.colcon_core.environment:checking '/home/bao/NCKH-25-26/cam/install/xtion_rtabmap_test/lib/pkgconfig/xtion_rtabmap_test.pc'
[1.839s] Level 1:colcon.colcon_core.environment:checking '/home/bao/NCKH-25-26/cam/install/xtion_rtabmap_test/lib/python3.12/site-packages'
[1.840s] Level 1:colcon.colcon_core.shell:create_environment_hook('xtion_rtabmap_test', 'pythonpath')
[1.840s] INFO:colcon.colcon_core.shell:Creating environment descriptor '/home/bao/NCKH-25-26/cam/install/xtion_rtabmap_test/share/xtion_rtabmap_test/hook/pythonpath.dsv'
[1.840s] INFO:colcon.colcon_core.shell:Creating environment hook '/home/bao/NCKH-25-26/cam/install/xtion_rtabmap_test/share/xtion_rtabmap_test/hook/pythonpath.sh'
[1.841s] Level 1:colcon.colcon_core.environment:checking '/home/bao/NCKH-25-26/cam/install/xtion_rtabmap_test/bin'
[1.841s] Level 1:colcon.colcon_core.environment:create_environment_scripts_only(xtion_rtabmap_test)
[1.841s] INFO:colcon.colcon_core.shell:Creating package descriptor '/home/bao/NCKH-25-26/cam/install/xtion_rtabmap_test/share/xtion_rtabmap_test/package.dsv'
[1.841s] INFO:colcon.colcon_core.shell:Creating package script '/home/bao/NCKH-25-26/cam/install/xtion_rtabmap_test/share/xtion_rtabmap_test/package.sh'
[1.842s] INFO:colcon.colcon_core.shell:Creating package script '/home/bao/NCKH-25-26/cam/install/xtion_rtabmap_test/share/xtion_rtabmap_test/package.bash'
[1.843s] INFO:colcon.colcon_core.shell:Creating package script '/home/bao/NCKH-25-26/cam/install/xtion_rtabmap_test/share/xtion_rtabmap_test/package.zsh'
[1.843s] Level 1:colcon.colcon_core.environment:create_file_with_runtime_dependencies(/home/bao/NCKH-25-26/cam/install/xtion_rtabmap_test/share/colcon-core/packages/xtion_rtabmap_test)
[1.843s] DEBUG:colcon.colcon_parallel_executor.executor.parallel:closing loop
[1.844s] DEBUG:colcon.colcon_parallel_executor.executor.parallel:loop closed
[1.844s] DEBUG:colcon.colcon_parallel_executor.executor.parallel:run_until_complete finished with '0'
[1.844s] DEBUG:colcon.colcon_core.event_reactor:joining thread
[1.851s] INFO:colcon.colcon_core.plugin_system:Skipping extension 'colcon_notification.desktop_notification.terminal_notifier': Not used on non-Darwin systems
[1.851s] INFO:colcon.colcon_core.plugin_system:Skipping extension 'colcon_notification.desktop_notification.win32': Not used on non-Windows systems
[1.851s] INFO:colcon.colcon_notification.desktop_notification:Sending desktop notification using 'notify2'
[1.886s] DEBUG:colcon.colcon_core.event_reactor:joined thread
[1.887s] INFO:colcon.colcon_core.shell:Creating prefix script '/home/bao/NCKH-25-26/cam/install/local_setup.sh'
[1.887s] INFO:colcon.colcon_core.shell:Creating prefix util module '/home/bao/NCKH-25-26/cam/install/_local_setup_util_sh.py'
[1.888s] INFO:colcon.colcon_core.shell:Creating prefix chain script '/home/bao/NCKH-25-26/cam/install/setup.sh'
[1.889s] INFO:colcon.colcon_core.shell:Creating prefix script '/home/bao/NCKH-25-26/cam/install/local_setup.bash'
[1.889s] INFO:colcon.colcon_core.shell:Creating prefix chain script '/home/bao/NCKH-25-26/cam/install/setup.bash'
[1.890s] INFO:colcon.colcon_core.shell:Creating prefix script '/home/bao/NCKH-25-26/cam/install/local_setup.zsh'
[1.890s] INFO:colcon.colcon_core.shell:Creating prefix chain script '/home/bao/NCKH-25-26/cam/install/setup.zsh'
