[0.156s] DEBUG:colcon:Command line arguments: ['/usr/bin/colcon', 'build', '--base-paths', 'src']
[0.156s] DEBUG:colcon:Parsed command line arguments: Namespace(log_base=None, log_level=None, verb_name='build', build_base='build', install_base='install', merge_install=False, symlink_install=False, test_result_base=None, continue_on_error=False, executor='parallel', parallel_workers=12, event_handlers=None, ignore_user_meta=False, metas=['./colcon.meta'], base_paths=['src'], packages_ignore=None, packages_ignore_regex=None, paths=None, packages_up_to=None, packages_up_to_regex=None, packages_above=None, packages_above_and_dependencies=None, packages_above_depth=None, packages_select_by_dep=None, packages_skip_by_dep=None, packages_skip_up_to=None, packages_select_build_failed=False, packages_skip_build_finished=False, packages_select_test_failures=False, packages_skip_test_passed=False, packages_select=None, packages_skip=None, packages_select_regex=None, packages_skip_regex=None, packages_start=None, packages_end=None, cmake_args=None, cmake_target=None, cmake_target_skip_unavailable=False, cmake_clean_cache=False, cmake_clean_first=False, cmake_force_configure=False, ament_cmake_args=None, catkin_cmake_args=None, catkin_skip_building_tests=False, verb_parser=<colcon_defaults.argument_parser.defaults.DefaultArgumentsDecorator object at 0x78ed1e008860>, verb_extension=<colcon_core.verb.build.BuildVerb object at 0x78ed1e13d4f0>, main=<bound method BuildVerb.main of <colcon_core.verb.build.BuildVerb object at 0x78ed1e13d4f0>>)
[0.221s] Level 1:colcon.colcon_core.package_discovery:discover_packages(colcon_meta) check parameters
[0.221s] Level 1:colcon.colcon_core.package_discovery:discover_packages(recursive) check parameters
[0.221s] Level 1:colcon.colcon_core.package_discovery:discover_packages(ignore) check parameters
[0.221s] Level 1:colcon.colcon_core.package_discovery:discover_packages(path) check parameters
[0.221s] Level 1:colcon.colcon_core.package_discovery:discover_packages(recursive) discover
[0.221s] INFO:colcon.colcon_core.package_discovery:Crawling recursively for packages in '/home/bao/NCKH-25-26/Rocker-Bogie/src'
[0.221s] Level 1:colcon.colcon_core.package_identification:_identify(src) by extensions ['ignore', 'ignore_ament_install']
[0.221s] Level 1:colcon.colcon_core.package_identification:_identify(src) by extension 'ignore'
[0.221s] Level 1:colcon.colcon_core.package_identification:_identify(src) by extension 'ignore_ament_install'
[0.221s] Level 1:colcon.colcon_core.package_identification:_identify(src) by extensions ['colcon_pkg']
[0.221s] Level 1:colcon.colcon_core.package_identification:_identify(src) by extension 'colcon_pkg'
[0.222s] Level 1:colcon.colcon_core.package_identification:_identify(src) by extensions ['colcon_meta']
[0.222s] Level 1:colcon.colcon_core.package_identification:_identify(src) by extension 'colcon_meta'
[0.222s] Level 1:colcon.colcon_core.package_identification:_identify(src) by extensions ['ros']
[0.222s] Level 1:colcon.colcon_core.package_identification:_identify(src) by extension 'ros'
[0.261s] DEBUG:colcon.colcon_core.package_identification:Package 'src' with type 'ros.ament_cmake' and name 'six_ws_robot'
[0.261s] Level 1:colcon.colcon_core.package_discovery:discover_packages(recursive) using defaults
[0.283s] Level 5:colcon.colcon_core.verb:set package 'six_ws_robot' build argument 'cmake_args' from command line to 'None'
[0.283s] Level 5:colcon.colcon_core.verb:set package 'six_ws_robot' build argument 'cmake_target' from command line to 'None'
[0.283s] Level 5:colcon.colcon_core.verb:set package 'six_ws_robot' build argument 'cmake_target_skip_unavailable' from command line to 'False'
[0.283s] Level 5:colcon.colcon_core.verb:set package 'six_ws_robot' build argument 'cmake_clean_cache' from command line to 'False'
[0.283s] Level 5:colcon.colcon_core.verb:set package 'six_ws_robot' build argument 'cmake_clean_first' from command line to 'False'
[0.283s] Level 5:colcon.colcon_core.verb:set package 'six_ws_robot' build argument 'cmake_force_configure' from command line to 'False'
[0.283s] Level 5:colcon.colcon_core.verb:set package 'six_ws_robot' build argument 'ament_cmake_args' from command line to 'None'
[0.283s] Level 5:colcon.colcon_core.verb:set package 'six_ws_robot' build argument 'catkin_cmake_args' from command line to 'None'
[0.283s] Level 5:colcon.colcon_core.verb:set package 'six_ws_robot' build argument 'catkin_skip_building_tests' from command line to 'False'
[0.283s] DEBUG:colcon.colcon_core.verb:Building package 'six_ws_robot' with the following arguments: {'ament_cmake_args': None, 'build_base': '/home/bao/NCKH-25-26/Rocker-Bogie/build/six_ws_robot', 'catkin_cmake_args': None, 'catkin_skip_building_tests': False, 'cmake_args': None, 'cmake_clean_cache': False, 'cmake_clean_first': False, 'cmake_force_configure': False, 'cmake_target': None, 'cmake_target_skip_unavailable': False, 'install_base': '/home/bao/NCKH-25-26/Rocker-Bogie/install/six_ws_robot', 'merge_install': False, 'path': '/home/bao/NCKH-25-26/Rocker-Bogie/src', 'symlink_install': False, 'test_result_base': None}
[0.284s] INFO:colcon.colcon_core.executor:Executing jobs using 'parallel' executor
[0.285s] DEBUG:colcon.colcon_parallel_executor.executor.parallel:run_until_complete
[0.286s] INFO:colcon.colcon_ros.task.ament_cmake.build:Building ROS package in '/home/bao/NCKH-25-26/Rocker-Bogie/src' with build type 'ament_cmake'
[0.286s] INFO:colcon.colcon_cmake.task.cmake.build:Building CMake package in '/home/bao/NCKH-25-26/Rocker-Bogie/src'
[0.289s] INFO:colcon.colcon_core.plugin_system:Skipping extension 'colcon_core.shell.bat': Not used on non-Windows systems
[0.289s] DEBUG:colcon.colcon_core.shell:Skip shell extension 'dsv' for command environment
[0.291s] WARNING:colcon.colcon_core.prefix_path.colcon:The path '/home/bao/NCKH-25-26/install' in the environment variable COLCON_PREFIX_PATH doesn't exist
[0.306s] DEBUG:colcon.colcon_core.event_handler.log_command:Invoking command in '/home/bao/NCKH-25-26/Rocker-Bogie/build/six_ws_robot': CMAKE_PREFIX_PATH=${CMAKE_PREFIX_PATH}:/opt/ros/jazzy DEBUGINFOD_URLS=https://debuginfod.ubuntu.com /usr/bin/cmake --build /home/bao/NCKH-25-26/Rocker-Bogie/build/six_ws_robot -- -j12 -l12
[0.391s] DEBUG:colcon.colcon_core.event_handler.log_command:Invoked command in '/home/bao/NCKH-25-26/Rocker-Bogie/build/six_ws_robot' returned '0': CMAKE_PREFIX_PATH=${CMAKE_PREFIX_PATH}:/opt/ros/jazzy DEBUGINFOD_URLS=https://debuginfod.ubuntu.com /usr/bin/cmake --build /home/bao/NCKH-25-26/Rocker-Bogie/build/six_ws_robot -- -j12 -l12
[0.418s] DEBUG:colcon.colcon_core.event_handler.log_command:Invoking command in '/home/bao/NCKH-25-26/Rocker-Bogie/build/six_ws_robot': CMAKE_PREFIX_PATH=${CMAKE_PREFIX_PATH}:/opt/ros/jazzy DEBUGINFOD_URLS=https://debuginfod.ubuntu.com /usr/bin/cmake --install /home/bao/NCKH-25-26/Rocker-Bogie/build/six_ws_robot
[0.442s] Level 1:colcon.colcon_core.environment:create_environment_scripts_only(six_ws_robot)
[0.443s] DEBUG:colcon.colcon_core.event_handler.log_command:Invoked command in '/home/bao/NCKH-25-26/Rocker-Bogie/build/six_ws_robot' returned '0': CMAKE_PREFIX_PATH=${CMAKE_PREFIX_PATH}:/opt/ros/jazzy DEBUGINFOD_URLS=https://debuginfod.ubuntu.com /usr/bin/cmake --install /home/bao/NCKH-25-26/Rocker-Bogie/build/six_ws_robot
[0.447s] Level 1:colcon.colcon_core.environment:checking '/home/bao/NCKH-25-26/Rocker-Bogie/install/six_ws_robot' for CMake module files
[0.448s] Level 1:colcon.colcon_core.environment:checking '/home/bao/NCKH-25-26/Rocker-Bogie/install/six_ws_robot' for CMake config files
[0.448s] Level 1:colcon.colcon_core.shell:create_environment_hook('six_ws_robot', 'cmake_prefix_path')
[0.448s] INFO:colcon.colcon_core.shell:Creating environment descriptor '/home/bao/NCKH-25-26/Rocker-Bogie/install/six_ws_robot/share/six_ws_robot/hook/cmake_prefix_path.dsv'
[0.449s] INFO:colcon.colcon_core.shell:Creating environment hook '/home/bao/NCKH-25-26/Rocker-Bogie/install/six_ws_robot/share/six_ws_robot/hook/cmake_prefix_path.sh'
[0.450s] Level 1:colcon.colcon_core.environment:checking '/home/bao/NCKH-25-26/Rocker-Bogie/install/six_ws_robot/lib'
[0.450s] Level 1:colcon.colcon_core.environment:checking '/home/bao/NCKH-25-26/Rocker-Bogie/install/six_ws_robot/bin'
[0.450s] Level 1:colcon.colcon_core.environment:checking '/home/bao/NCKH-25-26/Rocker-Bogie/install/six_ws_robot/lib/pkgconfig/six_ws_robot.pc'
[0.453s] Level 1:colcon.colcon_core.environment:checking '/home/bao/NCKH-25-26/Rocker-Bogie/install/six_ws_robot/lib/python3.12/site-packages'
[0.453s] Level 1:colcon.colcon_core.environment:checking '/home/bao/NCKH-25-26/Rocker-Bogie/install/six_ws_robot/bin'
[0.453s] INFO:colcon.colcon_core.shell:Creating package descriptor '/home/bao/NCKH-25-26/Rocker-Bogie/install/six_ws_robot/share/six_ws_robot/package.dsv'
[0.454s] INFO:colcon.colcon_core.shell:Creating package script '/home/bao/NCKH-25-26/Rocker-Bogie/install/six_ws_robot/share/six_ws_robot/package.sh'
[0.455s] INFO:colcon.colcon_core.shell:Creating package script '/home/bao/NCKH-25-26/Rocker-Bogie/install/six_ws_robot/share/six_ws_robot/package.bash'
[0.455s] INFO:colcon.colcon_core.shell:Creating package script '/home/bao/NCKH-25-26/Rocker-Bogie/install/six_ws_robot/share/six_ws_robot/package.zsh'
[0.457s] Level 1:colcon.colcon_core.environment:create_file_with_runtime_dependencies(/home/bao/NCKH-25-26/Rocker-Bogie/install/six_ws_robot/share/colcon-core/packages/six_ws_robot)
[0.458s] Level 1:colcon.colcon_core.environment:create_environment_scripts_only(six_ws_robot)
[0.458s] Level 1:colcon.colcon_core.environment:checking '/home/bao/NCKH-25-26/Rocker-Bogie/install/six_ws_robot' for CMake module files
[0.459s] Level 1:colcon.colcon_core.environment:checking '/home/bao/NCKH-25-26/Rocker-Bogie/install/six_ws_robot' for CMake config files
[0.459s] Level 1:colcon.colcon_core.shell:create_environment_hook('six_ws_robot', 'cmake_prefix_path')
[0.460s] INFO:colcon.colcon_core.shell:Creating environment descriptor '/home/bao/NCKH-25-26/Rocker-Bogie/install/six_ws_robot/share/six_ws_robot/hook/cmake_prefix_path.dsv'
[0.460s] INFO:colcon.colcon_core.shell:Creating environment hook '/home/bao/NCKH-25-26/Rocker-Bogie/install/six_ws_robot/share/six_ws_robot/hook/cmake_prefix_path.sh'
[0.461s] Level 1:colcon.colcon_core.environment:checking '/home/bao/NCKH-25-26/Rocker-Bogie/install/six_ws_robot/lib'
[0.461s] Level 1:colcon.colcon_core.environment:checking '/home/bao/NCKH-25-26/Rocker-Bogie/install/six_ws_robot/bin'
[0.461s] Level 1:colcon.colcon_core.environment:checking '/home/bao/NCKH-25-26/Rocker-Bogie/install/six_ws_robot/lib/pkgconfig/six_ws_robot.pc'
[0.462s] Level 1:colcon.colcon_core.environment:checking '/home/bao/NCKH-25-26/Rocker-Bogie/install/six_ws_robot/lib/python3.12/site-packages'
[0.462s] Level 1:colcon.colcon_core.environment:checking '/home/bao/NCKH-25-26/Rocker-Bogie/install/six_ws_robot/bin'
[0.463s] INFO:colcon.colcon_core.shell:Creating package descriptor '/home/bao/NCKH-25-26/Rocker-Bogie/install/six_ws_robot/share/six_ws_robot/package.dsv'
[0.463s] INFO:colcon.colcon_core.shell:Creating package script '/home/bao/NCKH-25-26/Rocker-Bogie/install/six_ws_robot/share/six_ws_robot/package.sh'
[0.464s] INFO:colcon.colcon_core.shell:Creating package script '/home/bao/NCKH-25-26/Rocker-Bogie/install/six_ws_robot/share/six_ws_robot/package.bash'
[0.465s] INFO:colcon.colcon_core.shell:Creating package script '/home/bao/NCKH-25-26/Rocker-Bogie/install/six_ws_robot/share/six_ws_robot/package.zsh'
[0.465s] Level 1:colcon.colcon_core.environment:create_file_with_runtime_dependencies(/home/bao/NCKH-25-26/Rocker-Bogie/install/six_ws_robot/share/colcon-core/packages/six_ws_robot)
[0.466s] DEBUG:colcon.colcon_parallel_executor.executor.parallel:closing loop
[0.467s] DEBUG:colcon.colcon_parallel_executor.executor.parallel:loop closed
[0.467s] DEBUG:colcon.colcon_parallel_executor.executor.parallel:run_until_complete finished with '0'
[0.467s] DEBUG:colcon.colcon_core.event_reactor:joining thread
[0.478s] INFO:colcon.colcon_core.plugin_system:Skipping extension 'colcon_notification.desktop_notification.terminal_notifier': Not used on non-Darwin systems
[0.478s] INFO:colcon.colcon_core.plugin_system:Skipping extension 'colcon_notification.desktop_notification.win32': Not used on non-Windows systems
[0.478s] INFO:colcon.colcon_notification.desktop_notification:Sending desktop notification using 'notify2'
[0.509s] DEBUG:colcon.colcon_core.event_reactor:joined thread
[0.510s] INFO:colcon.colcon_core.shell:Creating prefix script '/home/bao/NCKH-25-26/Rocker-Bogie/install/local_setup.sh'
[0.512s] INFO:colcon.colcon_core.shell:Creating prefix util module '/home/bao/NCKH-25-26/Rocker-Bogie/install/_local_setup_util_sh.py'
[0.515s] INFO:colcon.colcon_core.shell:Creating prefix chain script '/home/bao/NCKH-25-26/Rocker-Bogie/install/setup.sh'
[0.518s] INFO:colcon.colcon_core.shell:Creating prefix script '/home/bao/NCKH-25-26/Rocker-Bogie/install/local_setup.bash'
[0.519s] INFO:colcon.colcon_core.shell:Creating prefix chain script '/home/bao/NCKH-25-26/Rocker-Bogie/install/setup.bash'
[0.521s] INFO:colcon.colcon_core.shell:Creating prefix script '/home/bao/NCKH-25-26/Rocker-Bogie/install/local_setup.zsh'
[0.522s] INFO:colcon.colcon_core.shell:Creating prefix chain script '/home/bao/NCKH-25-26/Rocker-Bogie/install/setup.zsh'
