[0.008s] Invoking command in '/home/bao/NCKH-25-26/Rocker-Bogie/build/six_ws_robot': CMAKE_PREFIX_PATH=${CMAKE_PREFIX_PATH}:/opt/ros/jazzy DEBUGINFOD_URLS=https://debuginfod.ubuntu.com /usr/bin/cmake /home/bao/NCKH-25-26/Rocker-Bogie/src -DCMAKE_INSTALL_PREFIX=/home/bao/NCKH-25-26/Rocker-Bogie/install/six_ws_robot
[0.048s] -- The C compiler identification is GNU 13.3.0
[0.089s] -- The CXX compiler identification is GNU 13.3.0
[0.099s] -- Detecting C compiler ABI info
[0.161s] -- Detecting C compiler ABI info - done
[0.168s] -- Check for working C compiler: /usr/bin/cc - skipped
[0.168s] -- Detecting C compile features
[0.168s] -- Detecting C compile features - done
[0.176s] -- Detecting CXX compiler ABI info
[0.249s] -- Detecting CXX compiler ABI info - done
[0.256s] -- Check for working CXX compiler: /usr/bin/c++ - skipped
[0.256s] -- Detecting CXX compile features
[0.256s] -- Detecting CXX compile features - done
[0.259s] -- Found ament_cmake: 2.5.6 (/opt/ros/jazzy/share/ament_cmake/cmake)
[0.368s] -- Found Python3: /usr/bin/python3 (found version "3.12.3") found components: Interpreter 
[0.521s] -- Configuring done (0.5s)
[0.523s] -- Generating done (0.0s)
[0.524s] -- Build files have been written to: /home/bao/NCKH-25-26/Rocker-Bogie/build/six_ws_robot
[0.529s] Invoked command in '/home/bao/NCKH-25-26/Rocker-Bogie/build/six_ws_robot' returned '0': CMAKE_PREFIX_PATH=${CMAKE_PREFIX_PATH}:/opt/ros/jazzy DEBUGINFOD_URLS=https://debuginfod.ubuntu.com /usr/bin/cmake /home/bao/NCKH-25-26/Rocker-Bogie/src -DCMAKE_INSTALL_PREFIX=/home/bao/NCKH-25-26/Rocker-Bogie/install/six_ws_robot
[0.529s] Invoking command in '/home/bao/NCKH-25-26/Rocker-Bogie/build/six_ws_robot': CMAKE_PREFIX_PATH=${CMAKE_PREFIX_PATH}:/opt/ros/jazzy DEBUGINFOD_URLS=https://debuginfod.ubuntu.com /usr/bin/cmake --build /home/bao/NCKH-25-26/Rocker-Bogie/build/six_ws_robot -- -j12 -l12
[0.556s] Invoked command in '/home/bao/NCKH-25-26/Rocker-Bogie/build/six_ws_robot' returned '0': CMAKE_PREFIX_PATH=${CMAKE_PREFIX_PATH}:/opt/ros/jazzy DEBUGINFOD_URLS=https://debuginfod.ubuntu.com /usr/bin/cmake --build /home/bao/NCKH-25-26/Rocker-Bogie/build/six_ws_robot -- -j12 -l12
[0.564s] Invoking command in '/home/bao/NCKH-25-26/Rocker-Bogie/build/six_ws_robot': CMAKE_PREFIX_PATH=${CMAKE_PREFIX_PATH}:/opt/ros/jazzy DEBUGINFOD_URLS=https://debuginfod.ubuntu.com /usr/bin/cmake --install /home/bao/NCKH-25-26/Rocker-Bogie/build/six_ws_robot
[0.569s] -- Install configuration: ""
[0.569s] -- Installing: /home/bao/NCKH-25-26/Rocker-Bogie/install/six_ws_robot/share/six_ws_robot/config
[0.570s] -- Installing: /home/bao/NCKH-25-26/Rocker-Bogie/install/six_ws_robot/share/six_ws_robot/config/controllers.yaml
[0.570s] -- Installing: /home/bao/NCKH-25-26/Rocker-Bogie/install/six_ws_robot/share/six_ws_robot/launch
[0.570s] -- Installing: /home/bao/NCKH-25-26/Rocker-Bogie/install/six_ws_robot/share/six_ws_robot/launch/bringup.launch.py
[0.570s] -- Installing: /home/bao/NCKH-25-26/Rocker-Bogie/install/six_ws_robot/share/six_ws_robot/launch/rtab_map.launch_fix.py
[0.570s] -- Installing: /home/bao/NCKH-25-26/Rocker-Bogie/install/six_ws_robot/share/six_ws_robot/launch/rtab_map.launch.py
[0.570s] -- Installing: /home/bao/NCKH-25-26/Rocker-Bogie/install/six_ws_robot/share/six_ws_robot/launch/__pycache__
[0.570s] -- Installing: /home/bao/NCKH-25-26/Rocker-Bogie/install/six_ws_robot/share/six_ws_robot/launch/__pycache__/rtab_map.launch.cpython-312.pyc
[0.570s] -- Installing: /home/bao/NCKH-25-26/Rocker-Bogie/install/six_ws_robot/share/six_ws_robot/launch/__pycache__/bringup.launch.cpython-312.pyc
[0.570s] -- Installing: /home/bao/NCKH-25-26/Rocker-Bogie/install/six_ws_robot/share/six_ws_robot/urdf
[0.570s] -- Installing: /home/bao/NCKH-25-26/Rocker-Bogie/install/six_ws_robot/share/six_ws_robot/urdf/rviz
[0.570s] -- Installing: /home/bao/NCKH-25-26/Rocker-Bogie/install/six_ws_robot/share/six_ws_robot/urdf/rviz/six_ws_view.rviz
[0.571s] -- Installing: /home/bao/NCKH-25-26/Rocker-Bogie/install/six_ws_robot/share/six_ws_robot/urdf/six_ws_robot.xacro
[0.571s] -- Installing: /home/bao/NCKH-25-26/Rocker-Bogie/install/six_ws_robot/share/six_ws_robot/worlds
[0.571s] -- Installing: /home/bao/NCKH-25-26/Rocker-Bogie/install/six_ws_robot/share/six_ws_robot/worlds/custom_empty.sdf
[0.571s] -- Installing: /home/bao/NCKH-25-26/Rocker-Bogie/install/six_ws_robot/lib/six_ws_robot/six_ws_teleop_controller.py
[0.571s] -- Installing: /home/bao/NCKH-25-26/Rocker-Bogie/install/six_ws_robot/lib/six_ws_robot/traction_manager.py
[0.571s] -- Installing: /home/bao/NCKH-25-26/Rocker-Bogie/install/six_ws_robot/lib/six_ws_robot/wheel_status_visualizer.py
[0.571s] -- Installing: /home/bao/NCKH-25-26/Rocker-Bogie/install/six_ws_robot/lib/six_ws_robot/hybrid_odometry_publisher.py
[0.571s] -- Installing: /home/bao/NCKH-25-26/Rocker-Bogie/install/six_ws_robot/share/ament_index/resource_index/package_run_dependencies/six_ws_robot
[0.571s] -- Installing: /home/bao/NCKH-25-26/Rocker-Bogie/install/six_ws_robot/share/ament_index/resource_index/parent_prefix_path/six_ws_robot
[0.572s] -- Installing: /home/bao/NCKH-25-26/Rocker-Bogie/install/six_ws_robot/share/six_ws_robot/environment/ament_prefix_path.sh
[0.572s] -- Installing: /home/bao/NCKH-25-26/Rocker-Bogie/install/six_ws_robot/share/six_ws_robot/environment/ament_prefix_path.dsv
[0.572s] -- Installing: /home/bao/NCKH-25-26/Rocker-Bogie/install/six_ws_robot/share/six_ws_robot/environment/path.sh
[0.572s] -- Installing: /home/bao/NCKH-25-26/Rocker-Bogie/install/six_ws_robot/share/six_ws_robot/environment/path.dsv
[0.572s] -- Installing: /home/bao/NCKH-25-26/Rocker-Bogie/install/six_ws_robot/share/six_ws_robot/local_setup.bash
[0.572s] -- Installing: /home/bao/NCKH-25-26/Rocker-Bogie/install/six_ws_robot/share/six_ws_robot/local_setup.sh
[0.572s] -- Installing: /home/bao/NCKH-25-26/Rocker-Bogie/install/six_ws_robot/share/six_ws_robot/local_setup.zsh
[0.572s] -- Installing: /home/bao/NCKH-25-26/Rocker-Bogie/install/six_ws_robot/share/six_ws_robot/local_setup.dsv
[0.572s] -- Installing: /home/bao/NCKH-25-26/Rocker-Bogie/install/six_ws_robot/share/six_ws_robot/package.dsv
[0.572s] -- Installing: /home/bao/NCKH-25-26/Rocker-Bogie/install/six_ws_robot/share/ament_index/resource_index/packages/six_ws_robot
[0.572s] -- Installing: /home/bao/NCKH-25-26/Rocker-Bogie/install/six_ws_robot/share/six_ws_robot/cmake/six_ws_robotConfig.cmake
[0.572s] -- Installing: /home/bao/NCKH-25-26/Rocker-Bogie/install/six_ws_robot/share/six_ws_robot/cmake/six_ws_robotConfig-version.cmake
[0.572s] -- Installing: /home/bao/NCKH-25-26/Rocker-Bogie/install/six_ws_robot/share/six_ws_robot/package.xml
[0.574s] Invoked command in '/home/bao/NCKH-25-26/Rocker-Bogie/build/six_ws_robot' returned '0': CMAKE_PREFIX_PATH=${CMAKE_PREFIX_PATH}:/opt/ros/jazzy DEBUGINFOD_URLS=https://debuginfod.ubuntu.com /usr/bin/cmake --install /home/bao/NCKH-25-26/Rocker-Bogie/build/six_ws_robot
